2025-07-10T10:57:31.5049229Z Current runner version: '2.325.0'
2025-07-10T10:57:31.5074368Z ##[group]Runner Image Provisioner
2025-07-10T10:57:31.5075429Z Hosted Compute Agent
2025-07-10T10:57:31.5075956Z Version: 20250620.352
2025-07-10T10:57:31.5076562Z Commit: f262f3aba23b10ea191b2a62bdee1ca4c3d344da
2025-07-10T10:57:31.5077273Z Build Date: 2025-06-20T19:27:17Z
2025-07-10T10:57:31.5078061Z ##[endgroup]
2025-07-10T10:57:31.5078597Z ##[group]Operating System
2025-07-10T10:57:31.5079216Z Ubuntu
2025-07-10T10:57:31.5079723Z 24.04.2
2025-07-10T10:57:31.5080173Z LTS
2025-07-10T10:57:31.5080849Z ##[endgroup]
2025-07-10T10:57:31.5081329Z ##[group]Runner Image
2025-07-10T10:57:31.5081922Z Image: ubuntu-24.04
2025-07-10T10:57:31.5082373Z Version: 20250629.1.0
2025-07-10T10:57:31.5083442Z Included Software: https://github.com/actions/runner-images/blob/ubuntu24/20250629.1/images/ubuntu/Ubuntu2404-Readme.md
2025-07-10T10:57:31.5084941Z Image Release: https://github.com/actions/runner-images/releases/tag/ubuntu24%2F20250629.1
2025-07-10T10:57:31.5085935Z ##[endgroup]
2025-07-10T10:57:31.5087029Z ##[group]GITHUB_TOKEN Permissions
2025-07-10T10:57:31.5089455Z Contents: read
2025-07-10T10:57:31.5089998Z Metadata: read
2025-07-10T10:57:31.5090463Z Packages: read
2025-07-10T10:57:31.5091059Z ##[endgroup]
2025-07-10T10:57:31.5093076Z Secret source: Actions
2025-07-10T10:57:31.5093988Z Prepare workflow directory
2025-07-10T10:57:31.5428453Z Prepare all required actions
2025-07-10T10:57:31.5467342Z Getting action download info
2025-07-10T10:57:31.8801645Z ##[group]Download immutable action package 'actions/checkout@v4'
2025-07-10T10:57:31.8802668Z Version: 4.2.2
2025-07-10T10:57:31.8803658Z Digest: sha256:ccb2698953eaebd21c7bf6268a94f9c26518a7e38e27e0b83c1fe1ad049819b1
2025-07-10T10:57:31.8804766Z Source commit SHA: 11bd71901bbe5b1630ceea73d27597364c9af683
2025-07-10T10:57:31.8805586Z ##[endgroup]
2025-07-10T10:57:31.9657333Z ##[group]Download immutable action package 'actions/setup-go@v4'
2025-07-10T10:57:31.9658496Z Version: 4.2.1
2025-07-10T10:57:31.9659268Z Digest: sha256:75a8c978c635c88a644ee8c0346872bb90376adb06196b66679a99aeb2646580
2025-07-10T10:57:31.9660203Z Source commit SHA: 19bb51245e9c80abacb2e91cc42b33fa478b8639
2025-07-10T10:57:31.9660890Z ##[endgroup]
2025-07-10T10:57:32.2062407Z ##[group]Download immutable action package 'actions/upload-artifact@v4'
2025-07-10T10:57:32.2063205Z Version: 4.6.2
2025-07-10T10:57:32.2063934Z Digest: sha256:290722aa3281d5caf23d0acdc3dbeb3424786a1a01a9cc97e72f147225e37c38
2025-07-10T10:57:32.2065016Z Source commit SHA: ea165f8d65b6e75b540449e92b4886f43607fa02
2025-07-10T10:57:32.2065706Z ##[endgroup]
2025-07-10T10:57:32.4089813Z Complete job name: test-build
2025-07-10T10:57:32.4797150Z ##[group]Run actions/checkout@v4
2025-07-10T10:57:32.4798282Z with:
2025-07-10T10:57:32.4798720Z   repository: yanjieee/tReader
2025-07-10T10:57:32.4799419Z   token: ***
2025-07-10T10:57:32.4799818Z   ssh-strict: true
2025-07-10T10:57:32.4800279Z   ssh-user: git
2025-07-10T10:57:32.4800711Z   persist-credentials: true
2025-07-10T10:57:32.4801217Z   clean: true
2025-07-10T10:57:32.4801655Z   sparse-checkout-cone-mode: true
2025-07-10T10:57:32.4802196Z   fetch-depth: 1
2025-07-10T10:57:32.4802607Z   fetch-tags: false
2025-07-10T10:57:32.4803028Z   show-progress: true
2025-07-10T10:57:32.4803453Z   lfs: false
2025-07-10T10:57:32.4803851Z   submodules: false
2025-07-10T10:57:32.4804313Z   set-safe-directory: true
2025-07-10T10:57:32.4805010Z ##[endgroup]
2025-07-10T10:57:32.5897745Z Syncing repository: yanjieee/tReader
2025-07-10T10:57:32.5899656Z ##[group]Getting Git version info
2025-07-10T10:57:32.5900450Z Working directory is '/home/runner/work/tReader/tReader'
2025-07-10T10:57:32.5901536Z [command]/usr/bin/git version
2025-07-10T10:57:32.5965405Z git version 2.49.0
2025-07-10T10:57:32.5992808Z ##[endgroup]
2025-07-10T10:57:32.6006870Z Temporarily overriding HOME='/home/runner/work/_temp/2b39e131-e1bf-4c39-830f-669158ccf321' before making global git config changes
2025-07-10T10:57:32.6008614Z Adding repository directory to the temporary git global config as a safe directory
2025-07-10T10:57:32.6012532Z [command]/usr/bin/git config --global --add safe.directory /home/runner/work/tReader/tReader
2025-07-10T10:57:32.6056185Z Deleting the contents of '/home/runner/work/tReader/tReader'
2025-07-10T10:57:32.6060229Z ##[group]Initializing the repository
2025-07-10T10:57:32.6063909Z [command]/usr/bin/git init /home/runner/work/tReader/tReader
2025-07-10T10:57:32.6131927Z hint: Using 'master' as the name for the initial branch. This default branch name
2025-07-10T10:57:32.6133189Z hint: is subject to change. To configure the initial branch name to use in all
2025-07-10T10:57:32.6134380Z hint: of your new repositories, which will suppress this warning, call:
2025-07-10T10:57:32.6135243Z hint:
2025-07-10T10:57:32.6135846Z hint: 	git config --global init.defaultBranch <name>
2025-07-10T10:57:32.6136578Z hint:
2025-07-10T10:57:32.6137720Z hint: Names commonly chosen instead of 'master' are 'main', 'trunk' and
2025-07-10T10:57:32.6139249Z hint: 'development'. The just-created branch can be renamed via this command:
2025-07-10T10:57:32.6140200Z hint:
2025-07-10T10:57:32.6140678Z hint: 	git branch -m <name>
2025-07-10T10:57:32.6141586Z Initialized empty Git repository in /home/runner/work/tReader/tReader/.git/
2025-07-10T10:57:32.6149250Z [command]/usr/bin/git remote add origin https://github.com/yanjieee/tReader
2025-07-10T10:57:32.6182000Z ##[endgroup]
2025-07-10T10:57:32.6182879Z ##[group]Disabling automatic garbage collection
2025-07-10T10:57:32.6185825Z [command]/usr/bin/git config --local gc.auto 0
2025-07-10T10:57:32.6214032Z ##[endgroup]
2025-07-10T10:57:32.6214862Z ##[group]Setting up auth
2025-07-10T10:57:32.6220963Z [command]/usr/bin/git config --local --name-only --get-regexp core\.sshCommand
2025-07-10T10:57:32.6255257Z [command]/usr/bin/git submodule foreach --recursive sh -c "git config --local --name-only --get-regexp 'core\.sshCommand' && git config --local --unset-all 'core.sshCommand' || :"
2025-07-10T10:57:32.6552707Z [command]/usr/bin/git config --local --name-only --get-regexp http\.https\:\/\/github\.com\/\.extraheader
2025-07-10T10:57:32.6588191Z [command]/usr/bin/git submodule foreach --recursive sh -c "git config --local --name-only --get-regexp 'http\.https\:\/\/github\.com\/\.extraheader' && git config --local --unset-all 'http.https://github.com/.extraheader' || :"
2025-07-10T10:57:32.6818858Z [command]/usr/bin/git config --local http.https://github.com/.extraheader AUTHORIZATION: basic ***
2025-07-10T10:57:32.6855563Z ##[endgroup]
2025-07-10T10:57:32.6856657Z ##[group]Fetching the repository
2025-07-10T10:57:32.6864362Z [command]/usr/bin/git -c protocol.version=2 fetch --no-tags --prune --no-recurse-submodules --depth=1 origin +28e04743fac8a9b904a8450acf4163326f54e5d7:refs/remotes/origin/main
2025-07-10T10:57:32.9561673Z From https://github.com/yanjieee/tReader
2025-07-10T10:57:32.9564355Z  * [new ref]         28e04743fac8a9b904a8450acf4163326f54e5d7 -> origin/main
2025-07-10T10:57:32.9591415Z ##[endgroup]
2025-07-10T10:57:32.9594002Z ##[group]Determining the checkout info
2025-07-10T10:57:32.9595412Z ##[endgroup]
2025-07-10T10:57:32.9601260Z [command]/usr/bin/git sparse-checkout disable
2025-07-10T10:57:32.9640213Z [command]/usr/bin/git config --local --unset-all extensions.worktreeConfig
2025-07-10T10:57:32.9666809Z ##[group]Checking out the ref
2025-07-10T10:57:32.9671719Z [command]/usr/bin/git checkout --progress --force -B main refs/remotes/origin/main
2025-07-10T10:57:32.9717829Z Switched to a new branch 'main'
2025-07-10T10:57:32.9720406Z branch 'main' set up to track 'origin/main'.
2025-07-10T10:57:32.9726115Z ##[endgroup]
2025-07-10T10:57:32.9759683Z [command]/usr/bin/git log -1 --format=%H
2025-07-10T10:57:32.9780764Z 28e04743fac8a9b904a8450acf4163326f54e5d7
2025-07-10T10:57:33.0008140Z ##[group]Run actions/setup-go@v4
2025-07-10T10:57:33.0008676Z with:
2025-07-10T10:57:33.0009038Z   go-version: 1.24.3
2025-07-10T10:57:33.0009451Z   check-latest: false
2025-07-10T10:57:33.0010014Z   token: ***
2025-07-10T10:57:33.0010381Z   cache: true
2025-07-10T10:57:33.0010947Z ##[endgroup]
2025-07-10T10:57:33.1569225Z Setup go version spec 1.24.3
2025-07-10T10:57:33.1582852Z Attempting to download 1.24.3...
2025-07-10T10:57:33.4845533Z matching 1.24.3...
2025-07-10T10:57:33.4882814Z Acquiring 1.24.3 from https://github.com/actions/go-versions/releases/download/1.24.3-14875263452/go-1.24.3-linux-x64.tar.gz
2025-07-10T10:57:34.1592533Z Extracting Go...
2025-07-10T10:57:34.1734836Z [command]/usr/bin/tar xz --warning=no-unknown-keyword --overwrite -C /home/runner/work/_temp/acf9e1f5-4352-4876-a9d8-bc3c77ace795 -f /home/runner/work/_temp/7e9be435-82b2-462c-9dc0-255a98aebb7d
2025-07-10T10:57:35.9917116Z Successfully extracted go to /home/runner/work/_temp/acf9e1f5-4352-4876-a9d8-bc3c77ace795
2025-07-10T10:57:35.9918704Z Adding to the cache ...
2025-07-10T10:57:40.6507924Z Successfully cached go to /opt/hostedtoolcache/go/1.24.3/x64
2025-07-10T10:57:40.6509169Z Added go to the path
2025-07-10T10:57:40.6511265Z Successfully set up Go version 1.24.3
2025-07-10T10:57:40.6733144Z [command]/opt/hostedtoolcache/go/1.24.3/x64/bin/go env GOMODCACHE
2025-07-10T10:57:40.6764196Z [command]/opt/hostedtoolcache/go/1.24.3/x64/bin/go env GOCACHE
2025-07-10T10:57:40.6801955Z /home/runner/go/pkg/mod
2025-07-10T10:57:40.6814713Z /home/runner/.cache/go-build
2025-07-10T10:57:40.8720856Z Cache hit for: setup-go-Linux-ubuntu24-go-1.24.3-94750ceb1fae7971ffb822ac75426bb2f8c371de4db19a115c9c092d8591db91
2025-07-10T10:57:41.8906988Z Received 40190683 of 40190683 (100.0%), 44.0 MBs/sec
2025-07-10T10:57:41.8908231Z Cache Size: ~38 MB (40190683 B)
2025-07-10T10:57:41.8958029Z [command]/usr/bin/tar -xf /home/runner/work/_temp/c4c916dc-c312-4392-a51e-2c8b689e2643/cache.tzst -P -C /home/runner/work/tReader/tReader --use-compress-program unzstd
2025-07-10T10:57:42.1758787Z Cache restored successfully
2025-07-10T10:57:42.1854553Z Cache restored from key: setup-go-Linux-ubuntu24-go-1.24.3-94750ceb1fae7971ffb822ac75426bb2f8c371de4db19a115c9c092d8591db91
2025-07-10T10:57:42.1878396Z go version go1.24.3 linux/amd64
2025-07-10T10:57:42.1878653Z 
2025-07-10T10:57:42.1878927Z ##[group]go env
2025-07-10T10:57:42.1983238Z AR='ar'
2025-07-10T10:57:42.1983635Z CC='gcc'
2025-07-10T10:57:42.1984069Z CGO_CFLAGS='-O2 -g'
2025-07-10T10:57:42.1984419Z CGO_CPPFLAGS=''
2025-07-10T10:57:42.1984753Z CGO_CXXFLAGS='-O2 -g'
2025-07-10T10:57:42.1985201Z CGO_ENABLED='1'
2025-07-10T10:57:42.1985518Z CGO_FFLAGS='-O2 -g'
2025-07-10T10:57:42.1986307Z CGO_LDFLAGS='-O2 -g'
2025-07-10T10:57:42.1986640Z CXX='g++'
2025-07-10T10:57:42.1987001Z GCCGO='gccgo'
2025-07-10T10:57:42.1987342Z GO111MODULE=''
2025-07-10T10:57:42.1987839Z GOAMD64='v1'
2025-07-10T10:57:42.1988146Z GOARCH='amd64'
2025-07-10T10:57:42.1988486Z GOAUTH='netrc'
2025-07-10T10:57:42.1988911Z GOBIN=''
2025-07-10T10:57:42.1989244Z GOCACHE='/home/runner/.cache/go-build'
2025-07-10T10:57:42.1989686Z GOCACHEPROG=''
2025-07-10T10:57:42.1989986Z GODEBUG=''
2025-07-10T10:57:42.1990339Z GOENV='/home/runner/.config/go/env'
2025-07-10T10:57:42.1990730Z GOEXE=''
2025-07-10T10:57:42.1991036Z GOEXPERIMENT=''
2025-07-10T10:57:42.1991366Z GOFIPS140='off'
2025-07-10T10:57:42.1991645Z GOFLAGS=''
2025-07-10T10:57:42.1992623Z GOGCCFLAGS='-fPIC -m64 -pthread -Wl,--no-gc-sections -fmessage-length=0 -ffile-prefix-map=/tmp/go-build383487753=/tmp/go-build -gno-record-gcc-switches'
2025-07-10T10:57:42.1993627Z GOHOSTARCH='amd64'
2025-07-10T10:57:42.1993957Z GOHOSTOS='linux'
2025-07-10T10:57:42.1994268Z GOINSECURE=''
2025-07-10T10:57:42.1994624Z GOMOD='/home/runner/work/tReader/tReader/go.mod'
2025-07-10T10:57:42.1995129Z GOMODCACHE='/home/runner/go/pkg/mod'
2025-07-10T10:57:42.1995520Z GONOPROXY=''
2025-07-10T10:57:42.1995803Z GONOSUMDB=''
2025-07-10T10:57:42.1996092Z GOOS='linux'
2025-07-10T10:57:42.1996763Z GOPATH='/home/runner/go'
2025-07-10T10:57:42.1997162Z GOPRIVATE=''
2025-07-10T10:57:42.1997946Z GOPROXY='https://proxy.golang.org,direct'
2025-07-10T10:57:42.1998472Z GOROOT='/opt/hostedtoolcache/go/1.24.3/x64'
2025-07-10T10:57:42.1998931Z GOSUMDB='sum.golang.org'
2025-07-10T10:57:42.1999512Z GOTELEMETRY='local'
2025-07-10T10:57:42.1999910Z GOTELEMETRYDIR='/home/runner/.config/go/telemetry'
2025-07-10T10:57:42.2000351Z GOTMPDIR=''
2025-07-10T10:57:42.2000643Z GOTOOLCHAIN='auto'
2025-07-10T10:57:42.2001203Z GOTOOLDIR='/opt/hostedtoolcache/go/1.24.3/x64/pkg/tool/linux_amd64'
2025-07-10T10:57:42.2001749Z GOVCS=''
2025-07-10T10:57:42.2002015Z GOVERSION='go1.24.3'
2025-07-10T10:57:42.2002296Z GOWORK=''
2025-07-10T10:57:42.2002555Z PKG_CONFIG='pkg-config'
2025-07-10T10:57:42.2002766Z 
2025-07-10T10:57:42.2003547Z ##[endgroup]
2025-07-10T10:57:42.2159531Z ##[group]Run go mod download
2025-07-10T10:57:42.2159868Z [36;1mgo mod download[0m
2025-07-10T10:57:42.2263433Z shell: /usr/bin/bash -e {0}
2025-07-10T10:57:42.2263809Z ##[endgroup]
2025-07-10T10:57:42.2465094Z ##[group]Run echo "Testing simple build..."
2025-07-10T10:57:42.2465496Z [36;1mecho "Testing simple build..."[0m
2025-07-10T10:57:42.2465790Z [36;1mgo build -o tReader-test .[0m
2025-07-10T10:57:42.2466056Z [36;1mls -la tReader-test[0m
2025-07-10T10:57:42.2466323Z [36;1m./tReader-test --version[0m
2025-07-10T10:57:42.2466577Z [36;1mrm tReader-test[0m
2025-07-10T10:57:42.2526626Z shell: /usr/bin/bash -e {0}
2025-07-10T10:57:42.2526890Z ##[endgroup]
2025-07-10T10:57:42.2675954Z Testing simple build...
2025-07-10T10:57:42.5427932Z -rwxr-xr-x 1 runner docker 4848727 Jul 10 10:57 tReader-test
2025-07-10T10:57:42.5441864Z tReader dev
2025-07-10T10:57:42.5442203Z Git Commit: unknown
2025-07-10T10:57:42.5442546Z Build Time: unknown
2025-07-10T10:57:42.5442871Z Go Version: go1.24.3
2025-07-10T10:57:42.5443216Z OS/Arch: linux/amd64
2025-07-10T10:57:42.5495094Z ##[group]Run echo "Testing cross-compilation..."
2025-07-10T10:57:42.5495490Z [36;1mecho "Testing cross-compilation..."[0m
2025-07-10T10:57:42.5495752Z [36;1m[0m
2025-07-10T10:57:42.5495920Z [36;1m# Linux AMD64[0m
2025-07-10T10:57:42.5496220Z [36;1mGOOS=linux GOARCH=amd64 go build -o tReader-linux-amd64 .[0m
2025-07-10T10:57:42.5496576Z [36;1mls -la tReader-linux-amd64[0m
2025-07-10T10:57:42.5496821Z [36;1m[0m
2025-07-10T10:57:42.5496987Z [36;1m# Windows AMD64[0m
2025-07-10T10:57:42.5497305Z [36;1mGOOS=windows GOARCH=amd64 go build -o tReader-windows-amd64.exe .[0m
2025-07-10T10:57:42.5498085Z [36;1mls -la tReader-windows-amd64.exe[0m
2025-07-10T10:57:42.5498329Z [36;1m[0m
2025-07-10T10:57:42.5498492Z [36;1m# macOS ARM64[0m
2025-07-10T10:57:42.5498777Z [36;1mGOOS=darwin GOARCH=arm64 go build -o tReader-darwin-arm64 .[0m
2025-07-10T10:57:42.5499106Z [36;1mls -la tReader-darwin-arm64[0m
2025-07-10T10:57:42.5499328Z [36;1m[0m
2025-07-10T10:57:42.5499538Z [36;1mecho "All builds successful!"[0m
2025-07-10T10:57:42.5562276Z shell: /usr/bin/bash -e {0}
2025-07-10T10:57:42.5562519Z ##[endgroup]
2025-07-10T10:57:42.5639780Z Testing cross-compilation...
2025-07-10T10:57:42.7535185Z -rwxr-xr-x 1 runner docker 4848727 Jul 10 10:57 tReader-linux-amd64
2025-07-10T10:57:50.4184205Z -rwxr-xr-x 1 runner docker 4753920 Jul 10 10:57 tReader-windows-amd64.exe
2025-07-10T10:57:57.0644645Z -rwxr-xr-x 1 runner docker 4584786 Jul 10 10:57 tReader-darwin-arm64
2025-07-10T10:57:57.0646588Z All builds successful!
2025-07-10T10:57:57.0701771Z ##[group]Run actions/upload-artifact@v4
2025-07-10T10:57:57.0702048Z with:
2025-07-10T10:57:57.0702220Z   name: test-binaries
2025-07-10T10:57:57.0702415Z   path: tReader-*
2025-07-10T10:57:57.0702612Z   if-no-files-found: warn
2025-07-10T10:57:57.0702819Z   compression-level: 6
2025-07-10T10:57:57.0703011Z   overwrite: false
2025-07-10T10:57:57.0703204Z   include-hidden-files: false
2025-07-10T10:57:57.0703415Z ##[endgroup]
2025-07-10T10:57:57.2845684Z With the provided path, there will be 3 files uploaded
2025-07-10T10:57:57.2850723Z Artifact name is valid!
2025-07-10T10:57:57.2852020Z Root directory input is valid!
2025-07-10T10:57:57.4225625Z Beginning upload of artifact content to blob storage
2025-07-10T10:57:58.4583921Z Uploaded bytes 7773267
2025-07-10T10:57:58.4995560Z Finished uploading artifact content to blob storage!
2025-07-10T10:57:58.4998585Z SHA256 digest of uploaded artifact zip is fa5069247e3a786ec4f7d72b53fb3ccde87ee5e4a6d0c88b75d909018f955b04
2025-07-10T10:57:58.5000010Z Finalizing artifact upload
2025-07-10T10:57:58.5992788Z Artifact test-binaries.zip successfully finalized. Artifact ID 3503443115
2025-07-10T10:57:58.5994070Z Artifact test-binaries has been successfully uploaded! Final size is 7773267 bytes. Artifact ID is 3503443115
2025-07-10T10:57:58.6001691Z Artifact download URL: https://github.com/yanjieee/tReader/actions/runs/16193241493/artifacts/3503443115
2025-07-10T10:57:58.6127983Z Post job cleanup.
2025-07-10T10:57:58.7647724Z [command]/opt/hostedtoolcache/go/1.24.3/x64/bin/go env GOMODCACHE
2025-07-10T10:57:58.7685937Z [command]/opt/hostedtoolcache/go/1.24.3/x64/bin/go env GOCACHE
2025-07-10T10:57:58.7710307Z /home/runner/go/pkg/mod
2025-07-10T10:57:58.7736346Z /home/runner/.cache/go-build
2025-07-10T10:57:58.7741629Z Cache hit occurred on the primary key setup-go-Linux-ubuntu24-go-1.24.3-94750ceb1fae7971ffb822ac75426bb2f8c371de4db19a115c9c092d8591db91, not saving cache.
2025-07-10T10:57:58.7850614Z Post job cleanup.
2025-07-10T10:57:58.8783446Z [command]/usr/bin/git version
2025-07-10T10:57:58.8821298Z git version 2.49.0
2025-07-10T10:57:58.8864011Z Temporarily overriding HOME='/home/runner/work/_temp/04272740-1c3c-4649-82c7-e8237c225174' before making global git config changes
2025-07-10T10:57:58.8865380Z Adding repository directory to the temporary git global config as a safe directory
2025-07-10T10:57:58.8869368Z [command]/usr/bin/git config --global --add safe.directory /home/runner/work/tReader/tReader
2025-07-10T10:57:58.8908881Z [command]/usr/bin/git config --local --name-only --get-regexp core\.sshCommand
2025-07-10T10:57:58.8940537Z [command]/usr/bin/git submodule foreach --recursive sh -c "git config --local --name-only --get-regexp 'core\.sshCommand' && git config --local --unset-all 'core.sshCommand' || :"
2025-07-10T10:57:58.9162203Z [command]/usr/bin/git config --local --name-only --get-regexp http\.https\:\/\/github\.com\/\.extraheader
2025-07-10T10:57:58.9184594Z http.https://github.com/.extraheader
2025-07-10T10:57:58.9197687Z [command]/usr/bin/git config --local --unset-all http.https://github.com/.extraheader
2025-07-10T10:57:58.9230483Z [command]/usr/bin/git submodule foreach --recursive sh -c "git config --local --name-only --get-regexp 'http\.https\:\/\/github\.com\/\.extraheader' && git config --local --unset-all 'http.https://github.com/.extraheader' || :"
2025-07-10T10:57:58.9590158Z Cleaning up orphan processes
